2025-06-08 14:50:02,365 - api - INFO - Инициализация базы данных...
2025-06-08 14:50:03,363 - api - INFO - Запуск приложения успешно завершен
2025-06-08 15:02:32,937 - api - INFO - Завершение работы приложения...
2025-06-08 15:02:45,124 - api - INFO - Инициализация базы данных...
2025-06-08 15:02:46,145 - api - INFO - Запуск приложения успешно завершен
2025-06-08 15:48:18,578 - api - INFO - Инициализация базы данных...
2025-06-08 15:48:19,583 - api - INFO - Запуск приложения успешно завершен
2025-06-08 16:23:43,302 - api - INFO - Инициализация базы данных...
2025-06-08 16:23:44,363 - api - INFO - Запуск приложения успешно завершен
2025-06-08 17:58:25,256 - api - INFO - Завершение работы приложения...
2025-06-08 17:58:27,679 - api - INFO - Инициализация базы данных...
2025-06-08 17:58:28,762 - api - INFO - Запуск приложения успешно завершен
2025-06-08 18:20:10,941 - api - INFO - Завершение работы приложения...
2025-06-08 18:58:51,448 - api - INFO - Инициализация базы данных...
2025-06-08 18:58:52,569 - api - INFO - Запуск приложения успешно завершен
2025-06-08 19:48:54,376 - api - INFO - Завершение работы приложения...
2025-06-08 19:48:55,308 - api - INFO - Инициализация базы данных...
2025-06-08 19:48:56,450 - api - INFO - Запуск приложения успешно завершен
2025-06-08 19:48:57,116 - api - INFO - Инициализация базы данных...
2025-06-08 19:48:58,176 - api - INFO - Запуск приложения успешно завершен
2025-06-08 19:49:01,663 - api - INFO - Завершение работы приложения...
2025-06-08 19:49:02,675 - api - INFO - Инициализация базы данных...
2025-06-08 19:49:03,746 - api - INFO - Запуск приложения успешно завершен
2025-06-08 19:49:23,133 - api - INFO - Завершение работы приложения...
2025-06-08 19:49:24,150 - api - INFO - Инициализация базы данных...
2025-06-08 19:49:25,213 - api - INFO - Запуск приложения успешно завершен
2025-06-08 19:50:58,101 - api - INFO - Завершение работы приложения...
2025-06-08 19:50:58,789 - api - INFO - Инициализация базы данных...
2025-06-08 19:50:59,916 - api - INFO - Запуск приложения успешно завершен
2025-06-08 19:51:51,336 - api - INFO - Завершение работы приложения...
2025-06-08 19:51:51,941 - api - INFO - Инициализация базы данных...
2025-06-08 19:51:52,996 - api - INFO - Запуск приложения успешно завершен
2025-06-08 19:55:05,751 - api - INFO - Завершение работы приложения...
2025-06-08 19:55:06,485 - api - INFO - Инициализация базы данных...
2025-06-08 19:55:07,577 - api - INFO - Запуск приложения успешно завершен
2025-06-08 19:56:55,596 - api - INFO - Завершение работы приложения...
2025-06-08 19:56:56,569 - api - INFO - Инициализация базы данных...
2025-06-08 19:56:57,655 - api - INFO - Запуск приложения успешно завершен
2025-06-08 19:57:12,587 - api - INFO - Завершение работы приложения...
2025-06-08 20:17:11,670 - api - INFO - Инициализация базы данных...
2025-06-08 20:17:12,787 - api - INFO - Запуск приложения успешно завершен
2025-06-08 20:24:16,315 - api - INFO - Инициализация базы данных...
2025-06-08 20:24:17,389 - api - INFO - Запуск приложения успешно завершен
2025-06-08 20:29:58,367 - api - INFO - Инициализация базы данных...
2025-06-08 20:29:59,460 - api - INFO - Запуск приложения успешно завершен
2025-06-08 20:34:10,968 - api - INFO - Завершение работы приложения...
2025-06-08 20:34:11,650 - api - INFO - Инициализация базы данных...
2025-06-08 20:34:12,727 - api - INFO - Запуск приложения успешно завершен
2025-06-09 09:01:24,716 - api - INFO - Завершение работы приложения...
2025-06-09 09:30:00,960 - api - INFO - Инициализация базы данных...
2025-06-09 09:30:02,075 - api - INFO - Запуск приложения успешно завершен
2025-06-09 09:35:43,565 - api - INFO - Завершение работы приложения...
2025-06-09 09:39:31,200 - api - INFO - Инициализация базы данных...
2025-06-09 09:39:32,295 - api - INFO - Запуск приложения успешно завершен
2025-06-09 09:59:31,578 - api - INFO - Завершение работы приложения...
2025-06-09 10:22:24,864 - api - INFO - Инициализация базы данных...
2025-06-09 10:22:25,949 - api - INFO - Запуск приложения успешно завершен
2025-06-09 10:36:52,460 - api - INFO - Завершение работы приложения...
2025-06-09 10:36:54,801 - api - INFO - Инициализация базы данных...
2025-06-09 10:36:55,882 - api - INFO - Запуск приложения успешно завершен
2025-06-09 10:39:09,118 - api - INFO - Завершение работы приложения...
2025-06-09 10:41:18,201 - api - INFO - Инициализация базы данных...
2025-06-09 10:41:19,319 - api - INFO - Запуск приложения успешно завершен
2025-06-09 10:46:55,483 - api - INFO - Завершение работы приложения...
2025-06-09 10:46:56,206 - api - INFO - Инициализация базы данных...
2025-06-09 10:46:57,342 - api - INFO - Запуск приложения успешно завершен
2025-06-09 10:52:13,166 - api - INFO - Завершение работы приложения...
2025-06-09 10:55:19,383 - api - INFO - Инициализация базы данных...
2025-06-09 10:55:20,492 - api - INFO - Запуск приложения успешно завершен
2025-06-09 11:09:01,497 - api - INFO - Завершение работы приложения...
2025-06-09 11:09:03,905 - api - INFO - Инициализация базы данных...
2025-06-09 11:09:04,984 - api - INFO - Запуск приложения успешно завершен
2025-06-09 11:15:23,536 - api - INFO - Инициализация базы данных...
2025-06-09 11:15:24,625 - api - INFO - Запуск приложения успешно завершен
2025-06-09 11:31:53,614 - api - INFO - Инициализация базы данных...
2025-06-09 11:31:54,715 - api - INFO - Запуск приложения успешно завершен
2025-06-09 15:06:48,601 - api - INFO - Завершение работы приложения...
2025-06-09 15:06:49,653 - api - INFO - Инициализация базы данных...
2025-06-09 15:06:50,827 - api - INFO - Запуск приложения успешно завершен
2025-06-09 15:09:21,045 - api - INFO - Завершение работы приложения...
2025-06-09 15:09:22,168 - api - INFO - Инициализация базы данных...
2025-06-09 15:09:23,261 - api - INFO - Запуск приложения успешно завершен
2025-06-09 15:09:35,942 - api - INFO - Завершение работы приложения...
2025-06-09 15:09:36,580 - api - INFO - Инициализация базы данных...
2025-06-09 15:09:37,657 - api - INFO - Запуск приложения успешно завершен
2025-06-09 15:09:59,420 - api - INFO - Завершение работы приложения...
2025-06-09 15:10:00,044 - api - INFO - Инициализация базы данных...
2025-06-09 15:10:01,178 - api - INFO - Запуск приложения успешно завершен
2025-06-09 15:10:08,745 - api - INFO - Завершение работы приложения...
2025-06-09 15:10:09,392 - api - INFO - Инициализация базы данных...
2025-06-09 15:10:10,478 - api - INFO - Запуск приложения успешно завершен
2025-06-09 15:31:16,806 - api - INFO - Завершение работы приложения...
2025-06-09 15:31:17,830 - api - INFO - Инициализация базы данных...
2025-06-09 15:31:18,910 - api - INFO - Запуск приложения успешно завершен
2025-06-09 15:31:37,346 - api - INFO - Завершение работы приложения...
2025-06-09 15:31:37,991 - api - INFO - Инициализация базы данных...
2025-06-09 15:31:39,066 - api - INFO - Запуск приложения успешно завершен
2025-06-09 15:36:12,984 - api - INFO - Завершение работы приложения...
2025-06-09 15:36:13,795 - api - INFO - Инициализация базы данных...
2025-06-09 15:36:13,858 - api - ERROR - Ошибка при запуске: Could not determine join condition between parent/child tables on relationship MLTask.event - there are no foreign keys linking these tables.  Ensure that referencing columns are associated with a ForeignKey or ForeignKeyConstraint, or specify a 'primaryjoin' expression.
2025-06-09 15:36:26,079 - api - INFO - Инициализация базы данных...
2025-06-09 15:36:26,131 - api - ERROR - Ошибка при запуске: Could not determine join condition between parent/child tables on relationship MLTask.event - there are no foreign keys linking these tables.  Ensure that referencing columns are associated with a ForeignKey or ForeignKeyConstraint, or specify a 'primaryjoin' expression.
2025-06-09 15:36:52,392 - api - INFO - Инициализация базы данных...
2025-06-09 15:36:52,479 - api - ERROR - Ошибка при запуске: Could not determine join condition between parent/child tables on relationship Event.ml_tasks - there are no foreign keys linking these tables.  Ensure that referencing columns are associated with a ForeignKey or ForeignKeyConstraint, or specify a 'primaryjoin' expression.
2025-06-09 15:54:00,618 - api - INFO - Инициализация базы данных...
2025-06-09 15:54:00,692 - api - ERROR - Ошибка при запуске: Could not determine join condition between parent/child tables on relationship Event.ml_tasks - there are no foreign keys linking these tables.  Ensure that referencing columns are associated with a ForeignKey or ForeignKeyConstraint, or specify a 'primaryjoin' expression.
2025-06-09 16:18:57,259 - api - INFO - Инициализация базы данных...
2025-06-09 16:18:57,353 - api - ERROR - Ошибка при запуске: Could not determine join condition between parent/child tables on relationship Event.ml_tasks - there are no foreign keys linking these tables.  Ensure that referencing columns are associated with a ForeignKey or ForeignKeyConstraint, or specify a 'primaryjoin' expression.
2025-06-09 16:19:03,828 - api - INFO - Инициализация базы данных...
2025-06-09 16:19:03,902 - api - ERROR - Ошибка при запуске: Could not determine join condition between parent/child tables on relationship Event.ml_tasks - there are no foreign keys linking these tables.  Ensure that referencing columns are associated with a ForeignKey or ForeignKeyConstraint, or specify a 'primaryjoin' expression.
2025-06-09 16:19:50,391 - api - INFO - Инициализация базы данных...
2025-06-09 16:19:51,502 - api - INFO - Запуск приложения успешно завершен
2025-06-09 16:23:24,145 - api - INFO - Завершение работы приложения...
2025-06-09 17:30:34,726 - api - INFO - Инициализация базы данных...
2025-06-09 17:30:35,887 - api - INFO - Запуск приложения успешно завершен
2025-06-09 17:39:45,642 - api - INFO - Завершение работы приложения...
2025-06-09 17:40:37,378 - api - INFO - Инициализация базы данных...
2025-06-09 17:40:38,491 - api - INFO - Запуск приложения успешно завершен
2025-06-09 17:50:43,989 - routes.ml - INFO - Massage has created: status=<TaskStatus.NEW: 'new'> question='djfjdjf' user_id=1 updated_at=datetime.datetime(2025, 6, 9, 17, 50, 43, 944731) result=None id=1 event_id=None created_at=datetime.datetime(2025, 6, 9, 17, 50, 43, 944705)
2025-06-09 17:50:43,990 - routes.ml - INFO - Sending task to RabbitMQ: djfjdjf
2025-06-09 17:51:42,648 - routes.ml - INFO - !!!!!!!!Task result has been set: sdjkdskd
2025-06-09 17:51:44,198 - routes.ml - INFO - !!!!!!!!Task result has been set: sdjkdskd
2025-06-09 17:59:39,774 - api - INFO - Завершение работы приложения...
2025-06-09 17:59:40,537 - api - INFO - Инициализация базы данных...
2025-06-09 17:59:41,627 - api - INFO - Запуск приложения успешно завершен
2025-06-09 17:59:52,414 - api - INFO - Завершение работы приложения...
2025-06-09 17:59:53,071 - api - INFO - Инициализация базы данных...
2025-06-09 17:59:54,170 - api - INFO - Запуск приложения успешно завершен
2025-06-09 18:09:53,628 - api - INFO - Завершение работы приложения...
2025-06-09 18:09:54,395 - api - INFO - Инициализация базы данных...
2025-06-09 18:09:55,460 - api - INFO - Запуск приложения успешно завершен
2025-06-09 18:10:02,171 - api - INFO - Завершение работы приложения...
2025-06-09 18:10:02,735 - api - INFO - Инициализация базы данных...
2025-06-09 18:10:03,778 - api - INFO - Запуск приложения успешно завершен
2025-06-09 18:11:58,130 - api - INFO - Завершение работы приложения...
2025-06-09 18:11:58,858 - api - INFO - Инициализация базы данных...
2025-06-09 18:11:59,950 - api - INFO - Запуск приложения успешно завершен
2025-06-09 18:33:39,348 - api - INFO - Завершение работы приложения...
2025-06-09 18:33:40,386 - api - INFO - Инициализация базы данных...
2025-06-09 18:33:41,499 - api - INFO - Запуск приложения успешно завершен
2025-06-09 18:35:02,490 - api - INFO - Завершение работы приложения...
2025-06-09 18:35:57,667 - api - INFO - Инициализация базы данных...
2025-06-09 18:35:58,765 - api - INFO - Запуск приложения успешно завершен
2025-06-09 18:54:13,453 - api - INFO - Завершение работы приложения...
2025-06-09 18:59:18,613 - api - INFO - Инициализация базы данных...
2025-06-09 18:59:19,727 - api - INFO - Запуск приложения успешно завершен
2025-06-09 19:08:25,663 - api - INFO - Завершение работы приложения...
2025-06-09 19:10:24,777 - api - INFO - Инициализация базы данных...
2025-06-09 19:10:25,952 - api - INFO - Запуск приложения успешно завершен
2025-06-09 19:13:59,475 - api - INFO - Завершение работы приложения...
2025-06-10 06:52:38,019 - api - INFO - Инициализация базы данных...
2025-06-10 06:52:39,127 - api - INFO - Запуск приложения успешно завершен
2025-06-10 06:52:46,958 - api - INFO - Завершение работы приложения...
2025-06-10 06:57:04,159 - api - INFO - Инициализация базы данных...
2025-06-10 06:57:05,281 - api - INFO - Запуск приложения успешно завершен
2025-06-10 07:05:03,870 - api - INFO - Завершение работы приложения...
2025-06-10 18:06:11,426 - api - INFO - Инициализация базы данных...
2025-06-10 18:06:12,566 - api - INFO - Запуск приложения успешно завершен
2025-06-10 18:12:31,199 - api - INFO - Завершение работы приложения...
2025-06-10 18:12:32,038 - api - INFO - Инициализация базы данных...
2025-06-10 18:12:33,148 - api - INFO - Запуск приложения успешно завершен
2025-06-10 18:13:06,650 - routes.user - ERROR - Error during signup: 409: User with email provided exists already.
2025-06-10 18:21:42,184 - api - INFO - Завершение работы приложения...
2025-06-10 18:21:43,040 - api - INFO - Инициализация базы данных...
2025-06-10 18:21:44,158 - api - INFO - Запуск приложения успешно завершен
2025-06-10 18:26:59,680 - api - INFO - Завершение работы приложения...
2025-06-10 18:27:00,504 - api - INFO - Инициализация базы данных...
2025-06-10 18:27:01,602 - api - INFO - Запуск приложения успешно завершен
2025-06-10 18:28:12,643 - api - INFO - Завершение работы приложения...
2025-06-10 18:28:13,354 - api - INFO - Инициализация базы данных...
2025-06-10 18:28:14,475 - api - INFO - Запуск приложения успешно завершен
2025-06-10 18:41:44,719 - api - INFO - Завершение работы приложения...
2025-06-10 18:41:45,658 - api - INFO - Инициализация базы данных...
2025-06-10 18:41:46,778 - api - INFO - Запуск приложения успешно завершен
2025-06-10 18:46:51,168 - api - INFO - Завершение работы приложения...
2025-06-10 18:46:52,030 - api - INFO - Инициализация базы данных...
2025-06-10 18:46:53,159 - api - INFO - Запуск приложения успешно завершен
2025-06-10 18:46:55,114 - api - INFO - Завершение работы приложения...
2025-06-10 18:46:55,762 - api - INFO - Инициализация базы данных...
2025-06-10 18:46:56,900 - api - INFO - Запуск приложения успешно завершен
2025-06-10 18:46:58,652 - api - INFO - Завершение работы приложения...
2025-06-10 18:46:59,292 - api - INFO - Инициализация базы данных...
2025-06-10 18:47:00,374 - api - INFO - Запуск приложения успешно завершен
2025-06-10 18:50:54,648 - api - INFO - Завершение работы приложения...
2025-06-10 18:50:55,441 - api - INFO - Инициализация базы данных...
2025-06-10 18:50:56,613 - api - INFO - Запуск приложения успешно завершен
2025-06-10 18:51:18,315 - api - INFO - Завершение работы приложения...
2025-06-10 18:51:19,032 - api - INFO - Инициализация базы данных...
2025-06-10 18:51:20,116 - api - INFO - Запуск приложения успешно завершен
2025-06-10 18:51:47,999 - routes.user - ERROR - Error during signup: 409: User with email provided exists already.
2025-06-10 19:01:05,092 - api - INFO - Завершение работы приложения...
2025-06-10 19:01:06,184 - api - INFO - Инициализация базы данных...
2025-06-10 19:01:07,288 - api - INFO - Запуск приложения успешно завершен
2025-06-10 19:02:02,265 - api - INFO - Завершение работы приложения...
2025-06-10 19:02:03,111 - api - INFO - Инициализация базы данных...
2025-06-10 19:02:04,265 - api - INFO - Запуск приложения успешно завершен
2025-06-10 19:02:19,531 - api - INFO - Завершение работы приложения...
2025-06-10 19:02:20,249 - api - INFO - Инициализация базы данных...
2025-06-10 19:02:21,395 - api - INFO - Запуск приложения успешно завершен
2025-06-10 19:02:40,332 - routes.user - ERROR - Error during signup: 409: User with email provided exists already.
2025-06-10 19:03:03,864 - api - INFO - Завершение работы приложения...
2025-06-10 19:06:07,372 - api - INFO - Инициализация базы данных...
2025-06-10 19:06:08,504 - api - INFO - Запуск приложения успешно завершен
2025-06-10 19:07:11,840 - routes.user - ERROR - Error during signup: 409: User with email provided exists already.
2025-06-10 19:07:12,863 - routes.user - ERROR - Error during signup: 409: User with email provided exists already.
2025-06-10 19:07:13,139 - routes.user - ERROR - Error during signup: 409: User with email provided exists already.
2025-06-10 19:07:13,416 - routes.user - ERROR - Error during signup: 409: User with email provided exists already.
2025-06-10 19:07:51,489 - api - INFO - Завершение работы приложения...
2025-06-10 19:07:52,342 - api - INFO - Инициализация базы данных...
2025-06-10 19:07:53,457 - api - INFO - Запуск приложения успешно завершен
2025-06-10 19:08:11,568 - api - INFO - Завершение работы приложения...
2025-06-10 19:08:12,221 - api - INFO - Инициализация базы данных...
2025-06-10 19:08:13,303 - api - INFO - Запуск приложения успешно завершен
2025-06-10 19:08:34,682 - routes.user - ERROR - Error during signup: 409: User with email provided exists already.
2025-06-10 19:09:27,844 - api - INFO - Завершение работы приложения...
2025-06-10 19:09:28,678 - api - INFO - Инициализация базы данных...
2025-06-10 19:09:29,781 - api - INFO - Запуск приложения успешно завершен
2025-06-10 19:14:53,062 - api - INFO - Завершение работы приложения...
2025-06-10 19:14:53,950 - api - INFO - Инициализация базы данных...
2025-06-10 19:14:55,066 - api - INFO - Запуск приложения успешно завершен
2025-06-10 19:15:17,735 - api - INFO - Завершение работы приложения...
2025-06-10 19:15:18,414 - api - INFO - Инициализация базы данных...
2025-06-10 19:15:19,603 - api - INFO - Запуск приложения успешно завершен
2025-06-10 19:16:28,467 - api - INFO - Завершение работы приложения...
2025-06-10 19:16:29,398 - api - INFO - Инициализация базы данных...
2025-06-10 19:16:30,503 - api - INFO - Запуск приложения успешно завершен
2025-06-10 19:16:36,389 - api - INFO - Завершение работы приложения...
2025-06-10 19:16:37,037 - api - INFO - Инициализация базы данных...
2025-06-10 19:16:38,163 - api - INFO - Запуск приложения успешно завершен
2025-06-10 19:17:14,581 - api - INFO - Завершение работы приложения...
2025-06-10 19:17:15,488 - api - INFO - Инициализация базы данных...
2025-06-10 19:17:16,657 - api - INFO - Запуск приложения успешно завершен
2025-06-10 19:18:10,356 - routes.user - ERROR - Error during signup: 409: User with email provided exists already.
2025-06-10 19:20:55,815 - api - INFO - Завершение работы приложения...
2025-06-10 19:20:56,712 - api - INFO - Инициализация базы данных...
2025-06-10 19:20:57,845 - api - INFO - Запуск приложения успешно завершен
2025-06-10 19:21:22,713 - routes.user - ERROR - Error during signup: 409: User with email provided exists already.
2025-06-10 19:21:23,876 - routes.user - ERROR - Error during signup: 409: User with email provided exists already.
2025-06-10 19:27:21,360 - api - INFO - Завершение работы приложения...
2025-06-10 19:27:22,200 - api - INFO - Инициализация базы данных...
2025-06-10 19:27:23,283 - api - INFO - Запуск приложения успешно завершен
2025-06-10 19:29:49,522 - api - INFO - Завершение работы приложения...
2025-06-10 19:29:50,420 - api - INFO - Инициализация базы данных...
2025-06-10 19:29:51,524 - api - INFO - Запуск приложения успешно завершен
2025-06-10 19:30:57,477 - routes.user - ERROR - Error during signup: 409: User with email provided exists already.
2025-06-10 19:31:02,719 - routes.user - ERROR - Error during signup: (psycopg.errors.UniqueViolation) duplicate key value violates unique constraint "user_pkey"
DETAIL:  Key (id)=(0) already exists.
[SQL: INSERT INTO "user" (email, password, id, created_at) VALUES (%(email)s::VARCHAR, %(password)s::VARCHAR, %(id)s::INTEGER, %(created_at)s::TIMESTAMP WITHOUT TIME ZONE)]
[parameters: {'email': 'string1@mail', 'password': '$2b$12$RQoJUuNIConT50sgZ9DqB.ldmHBZEStz218TEzcg2jxbEJ4aIHiSq', 'id': 0, 'created_at': datetime.datetime(2025, 6, 10, 19, 30, 40, 494000, tzinfo=TzInfo(UTC))}]
(Background on this error at: https://sqlalche.me/e/20/gkpj)
2025-06-10 19:32:26,091 - api - INFO - Завершение работы приложения...
2025-06-10 19:32:26,983 - api - INFO - Инициализация базы данных...
2025-06-10 19:32:28,089 - api - INFO - Запуск приложения успешно завершен
2025-06-10 19:33:29,706 - routes.user - ERROR - Error during signup: 409: User with email provided exists already.
2025-06-10 19:34:05,931 - api - INFO - Завершение работы приложения...
2025-06-10 19:34:06,869 - api - INFO - Инициализация базы данных...
2025-06-10 19:34:08,030 - api - INFO - Запуск приложения успешно завершен
2025-06-10 19:35:13,570 - api - INFO - Завершение работы приложения...
2025-06-10 19:35:14,344 - api - INFO - Инициализация базы данных...
2025-06-10 19:35:15,438 - api - INFO - Запуск приложения успешно завершен
2025-06-10 19:37:01,710 - api - INFO - Завершение работы приложения...
2025-06-10 19:37:02,491 - api - INFO - Инициализация базы данных...
2025-06-10 19:37:03,581 - api - INFO - Запуск приложения успешно завершен
2025-06-10 19:37:13,667 - api - INFO - Завершение работы приложения...
2025-06-10 19:37:14,281 - api - INFO - Инициализация базы данных...
2025-06-10 19:37:15,351 - api - INFO - Запуск приложения успешно завершен
2025-06-10 19:38:39,997 - api - INFO - Завершение работы приложения...
2025-06-10 19:38:40,623 - api - INFO - Инициализация базы данных...
2025-06-10 19:38:41,701 - api - INFO - Запуск приложения успешно завершен
2025-06-10 19:38:46,238 - api - INFO - Завершение работы приложения...
2025-06-10 19:38:46,842 - api - INFO - Инициализация базы данных...
2025-06-10 19:38:47,910 - api - INFO - Запуск приложения успешно завершен
2025-06-10 19:41:12,868 - api - INFO - Завершение работы приложения...
2025-06-10 19:41:13,547 - api - INFO - Инициализация базы данных...
2025-06-10 19:41:14,627 - api - INFO - Запуск приложения успешно завершен
2025-06-10 19:48:24,221 - api - INFO - Завершение работы приложения...
2025-06-10 19:48:25,096 - api - INFO - Инициализация базы данных...
2025-06-10 19:48:26,182 - api - INFO - Запуск приложения успешно завершен
2025-06-10 20:04:32,949 - api - INFO - Завершение работы приложения...
2025-06-10 20:04:33,783 - api - INFO - Инициализация базы данных...
2025-06-10 20:04:34,883 - api - INFO - Запуск приложения успешно завершен
2025-06-10 20:04:40,856 - api - INFO - Завершение работы приложения...
2025-06-10 20:04:41,511 - api - INFO - Инициализация базы данных...
2025-06-10 20:04:42,597 - api - INFO - Запуск приложения успешно завершен
2025-06-10 20:04:54,879 - api - INFO - Завершение работы приложения...
2025-06-10 20:04:55,509 - api - INFO - Инициализация базы данных...
2025-06-10 20:04:56,594 - api - INFO - Запуск приложения успешно завершен
2025-06-10 20:12:55,945 - api - INFO - Завершение работы приложения...
2025-06-11 04:59:04,374 - api - INFO - Инициализация базы данных...
2025-06-11 04:59:05,489 - api - INFO - Запуск приложения успешно завершен
2025-06-11 05:04:08,110 - api - INFO - Завершение работы приложения...
2025-06-11 05:04:08,976 - api - INFO - Инициализация базы данных...
2025-06-11 05:04:10,066 - api - INFO - Запуск приложения успешно завершен
2025-06-11 05:04:45,785 - api - INFO - Завершение работы приложения...
2025-06-11 05:04:46,423 - api - INFO - Инициализация базы данных...
2025-06-11 05:04:47,485 - api - INFO - Запуск приложения успешно завершен
2025-06-11 05:05:33,342 - api - INFO - Завершение работы приложения...
2025-06-11 05:05:33,994 - api - INFO - Инициализация базы данных...
2025-06-11 05:05:35,074 - api - INFO - Запуск приложения успешно завершен
2025-06-11 17:19:31,364 - api - INFO - Завершение работы приложения...
2025-06-11 17:19:32,293 - api - INFO - Инициализация базы данных...
2025-06-11 17:19:33,391 - api - INFO - Запуск приложения успешно завершен
2025-06-11 17:47:46,326 - api - INFO - Завершение работы приложения...
2025-06-11 17:47:47,174 - api - INFO - Инициализация базы данных...
2025-06-11 17:47:48,262 - api - INFO - Запуск приложения успешно завершен
2025-06-11 18:05:21,471 - api - INFO - Завершение работы приложения...
2025-06-11 18:05:22,619 - api - INFO - Инициализация базы данных...
2025-06-11 18:05:23,848 - api - INFO - Запуск приложения успешно завершен
2025-06-11 18:05:24,883 - api - INFO - Инициализация базы данных...
2025-06-11 18:05:25,957 - api - INFO - Запуск приложения успешно завершен
2025-06-11 18:05:47,688 - api - INFO - Завершение работы приложения...
2025-06-11 18:05:48,426 - api - INFO - Инициализация базы данных...
2025-06-11 18:05:49,560 - api - INFO - Запуск приложения успешно завершен
2025-06-11 18:06:23,328 - api - INFO - Завершение работы приложения...
2025-06-11 18:19:12,386 - api - INFO - Инициализация базы данных...
2025-06-11 18:19:12,529 - api - ERROR - Ошибка при запуске: Could not determine join condition between parent/child tables on relationship Event.ml_tasks - there are no foreign keys linking these tables.  Ensure that referencing columns are associated with a ForeignKey or ForeignKeyConstraint, or specify a 'primaryjoin' expression.
2025-06-11 18:20:20,238 - api - INFO - Инициализация базы данных...
2025-06-11 18:20:20,334 - api - ERROR - Ошибка при запуске: Could not determine join condition between parent/child tables on relationship Event.ml_tasks - there are no foreign keys linking these tables.  Ensure that referencing columns are associated with a ForeignKey or ForeignKeyConstraint, or specify a 'primaryjoin' expression.
2025-06-11 18:21:28,606 - api - INFO - Инициализация базы данных...
2025-06-11 18:21:29,444 - api - ERROR - Ошибка при запуске: (psycopg.OperationalError) [Errno -2] Name or service not known
(Background on this error at: https://sqlalche.me/e/20/e3q8)
2025-06-11 18:21:39,622 - api - INFO - Инициализация базы данных...
2025-06-11 18:21:39,628 - api - ERROR - Ошибка при запуске: (psycopg.OperationalError) [Errno -2] Name or service not known
(Background on this error at: https://sqlalche.me/e/20/e3q8)
2025-06-11 18:22:56,183 - api - INFO - Инициализация базы данных...
2025-06-11 18:22:56,308 - api - ERROR - Ошибка при запуске: Could not determine join condition between parent/child tables on relationship Event.ml_tasks - there are no foreign keys linking these tables.  Ensure that referencing columns are associated with a ForeignKey or ForeignKeyConstraint, or specify a 'primaryjoin' expression.
2025-06-11 18:23:50,137 - api - INFO - Инициализация базы данных...
2025-06-11 18:23:50,242 - api - ERROR - Ошибка при запуске: Could not determine join condition between parent/child tables on relationship Event.ml_tasks - there are no foreign keys linking these tables.  Ensure that referencing columns are associated with a ForeignKey or ForeignKeyConstraint, or specify a 'primaryjoin' expression.
2025-06-11 18:23:59,701 - api - INFO - Инициализация базы данных...
2025-06-11 18:23:59,758 - api - ERROR - Ошибка при запуске: Could not determine join condition between parent/child tables on relationship Event.ml_tasks - there are no foreign keys linking these tables.  Ensure that referencing columns are associated with a ForeignKey or ForeignKeyConstraint, or specify a 'primaryjoin' expression.
2025-06-11 18:26:45,203 - api - INFO - Инициализация базы данных...
2025-06-11 18:26:45,300 - api - ERROR - Ошибка при запуске: Could not determine join condition between parent/child tables on relationship Event.ml_tasks - there are no foreign keys linking these tables.  Ensure that referencing columns are associated with a ForeignKey or ForeignKeyConstraint, or specify a 'primaryjoin' expression.
2025-06-11 18:27:03,175 - api - INFO - Инициализация базы данных...
2025-06-11 18:27:04,309 - api - INFO - Запуск приложения успешно завершен
2025-06-11 18:27:46,560 - api - INFO - Завершение работы приложения...
2025-06-11 18:27:47,438 - api - INFO - Инициализация базы данных...
2025-06-11 18:27:48,538 - api - INFO - Запуск приложения успешно завершен
2025-06-11 18:31:54,521 - api - INFO - Завершение работы приложения...
2025-06-11 18:31:55,320 - api - INFO - Инициализация базы данных...
2025-06-11 18:31:55,419 - api - ERROR - Ошибка при запуске: Could not determine join condition between parent/child tables on relationship Event.ml_tasks - there are no foreign keys linking these tables.  Ensure that referencing columns are associated with a ForeignKey or ForeignKeyConstraint, or specify a 'primaryjoin' expression.
2025-06-11 18:36:21,509 - api - INFO - Инициализация базы данных...
2025-06-11 18:36:21,624 - api - ERROR - Ошибка при запуске: Could not determine join condition between parent/child tables on relationship Event.ml_tasks - there are no foreign keys linking these tables.  Ensure that referencing columns are associated with a ForeignKey or ForeignKeyConstraint, or specify a 'primaryjoin' expression.
2025-06-11 18:43:52,792 - api - INFO - Инициализация базы данных...
2025-06-11 18:43:52,903 - api - ERROR - Ошибка при запуске: Could not determine join condition between parent/child tables on relationship MLTask.event - there are no foreign keys linking these tables.  Ensure that referencing columns are associated with a ForeignKey or ForeignKeyConstraint, or specify a 'primaryjoin' expression.
2025-06-11 18:45:50,484 - api - INFO - Инициализация базы данных...
2025-06-11 18:45:50,582 - api - ERROR - Ошибка при запуске: Mapper 'Mapper[Event(event)]' has no property 'ml_tasks'.  If this property was indicated from other mappers or configure events, ensure registry.configure() has been called.
2025-06-11 18:49:14,625 - api - INFO - Инициализация базы данных...
2025-06-11 18:49:15,696 - api - INFO - Запуск приложения успешно завершен
2025-06-11 18:49:22,504 - api - INFO - Завершение работы приложения...
2025-06-11 18:51:39,479 - api - INFO - Инициализация базы данных...
2025-06-11 18:51:40,623 - api - INFO - Запуск приложения успешно завершен
2025-06-11 18:59:15,966 - api - INFO - Завершение работы приложения...
2025-06-11 18:59:28,589 - api - INFO - Инициализация базы данных...
2025-06-11 18:59:29,684 - api - INFO - Запуск приложения успешно завершен
2025-06-11 19:00:52,635 - api - INFO - Завершение работы приложения...
2025-06-11 19:06:22,709 - api - INFO - Инициализация базы данных...
2025-06-11 19:06:23,852 - api - INFO - Запуск приложения успешно завершен
2025-06-11 19:07:16,684 - api - INFO - Завершение работы приложения...
2025-06-12 06:38:44,993 - api - INFO - Инициализация базы данных...
2025-06-12 06:38:46,129 - api - INFO - Запуск приложения успешно завершен
2025-06-12 06:44:55,610 - api - INFO - Завершение работы приложения...
2025-06-12 06:44:56,377 - api - INFO - Инициализация базы данных...
2025-06-12 06:44:57,507 - api - INFO - Запуск приложения успешно завершен
2025-06-12 06:56:53,376 - api - INFO - Завершение работы приложения...
2025-06-12 06:56:54,296 - api - INFO - Инициализация базы данных...
2025-06-12 06:56:55,434 - api - INFO - Запуск приложения успешно завершен
2025-06-12 06:57:00,609 - api - INFO - Завершение работы приложения...
2025-06-12 06:57:01,330 - api - INFO - Инициализация базы данных...
2025-06-12 06:57:02,525 - api - INFO - Запуск приложения успешно завершен
2025-06-12 06:58:25,089 - api - INFO - Завершение работы приложения...
2025-06-12 06:58:26,080 - api - INFO - Инициализация базы данных...
2025-06-12 06:58:27,181 - api - INFO - Запуск приложения успешно завершен
2025-06-12 06:59:21,073 - api - INFO - Завершение работы приложения...
2025-06-12 06:59:21,998 - api - INFO - Инициализация базы данных...
2025-06-12 06:59:23,179 - api - INFO - Запуск приложения успешно завершен
2025-06-12 06:59:44,409 - api - INFO - Завершение работы приложения...
2025-06-12 06:59:45,326 - api - INFO - Инициализация базы данных...
2025-06-12 06:59:46,530 - api - INFO - Запуск приложения успешно завершен
2025-06-12 07:01:45,055 - api - INFO - Завершение работы приложения...
2025-06-12 07:01:46,029 - api - INFO - Инициализация базы данных...
2025-06-12 07:01:47,182 - api - INFO - Запуск приложения успешно завершен
2025-06-12 08:15:36,419 - api - INFO - Завершение работы приложения...
2025-06-12 08:15:37,298 - api - INFO - Инициализация базы данных...
2025-06-12 08:15:38,403 - api - INFO - Запуск приложения успешно завершен
2025-06-12 08:15:48,492 - api - INFO - Завершение работы приложения...
2025-06-12 08:15:49,094 - api - INFO - Инициализация базы данных...
2025-06-12 08:15:50,166 - api - INFO - Запуск приложения успешно завершен
2025-06-12 08:18:22,625 - api - INFO - Завершение работы приложения...
2025-06-12 08:18:23,295 - api - INFO - Инициализация базы данных...
2025-06-12 08:18:24,382 - api - INFO - Запуск приложения успешно завершен
2025-06-12 08:21:28,421 - api - INFO - Завершение работы приложения...
2025-06-12 08:21:29,188 - api - INFO - Инициализация базы данных...
2025-06-12 08:21:30,268 - api - INFO - Запуск приложения успешно завершен
2025-06-12 08:22:40,132 - api - INFO - Завершение работы приложения...
2025-06-12 08:22:40,795 - api - INFO - Инициализация базы данных...
2025-06-12 08:22:41,882 - api - INFO - Запуск приложения успешно завершен
2025-06-12 08:24:01,919 - api - INFO - Завершение работы приложения...
2025-06-12 08:24:02,703 - api - INFO - Инициализация базы данных...
2025-06-12 08:24:03,780 - api - INFO - Запуск приложения успешно завершен
2025-06-12 08:25:50,301 - routes.user - ERROR - Error during signup: (psycopg.errors.UniqueViolation) duplicate key value violates unique constraint "user_pkey"
DETAIL:  Key (id)=(1) already exists.
[SQL: INSERT INTO "user" (email, password, id, created_at) VALUES (%(email)s::VARCHAR, %(password)s::VARCHAR, %(id)s::INTEGER, %(created_at)s::TIMESTAMP WITHOUT TIME ZONE)]
[parameters: {'email': 'string@mail.ru', 'password': '$2b$12$tjFJy.2RBu0W8hZrsityje3kSYSCOSSl4GYlcYIDIGtG6Tuqfe8qK', 'id': 1, 'created_at': datetime.datetime(2025, 6, 12, 8, 25, 41, 849000, tzinfo=TzInfo(UTC))}]
(Background on this error at: https://sqlalche.me/e/20/gkpj)
2025-06-12 08:28:30,242 - routes.user - INFO - Retrieved 5 users
2025-06-12 08:30:07,616 - api - INFO - Завершение работы приложения...
2025-06-12 08:30:08,483 - api - INFO - Инициализация базы данных...
2025-06-12 08:30:09,601 - api - INFO - Запуск приложения успешно завершен
2025-06-12 08:31:25,588 - api - INFO - Завершение работы приложения...
2025-06-12 08:31:26,309 - api - INFO - Инициализация базы данных...
2025-06-12 08:31:27,407 - api - INFO - Запуск приложения успешно завершен
2025-06-12 08:31:42,198 - api - INFO - Завершение работы приложения...
2025-06-12 08:31:42,842 - api - INFO - Инициализация базы данных...
2025-06-12 08:31:44,003 - api - INFO - Запуск приложения успешно завершен
2025-06-12 08:37:15,329 - api - INFO - Завершение работы приложения...
2025-06-12 08:37:16,290 - api - INFO - Инициализация базы данных...
2025-06-12 08:37:17,448 - api - INFO - Запуск приложения успешно завершен
2025-06-13 01:18:58,618 - api - INFO - Завершение работы приложения...
2025-06-13 01:18:59,725 - api - INFO - Инициализация базы данных...
2025-06-13 01:19:00,799 - api - INFO - Запуск приложения успешно завершен
2025-06-14 01:04:09,177 - api - INFO - Завершение работы приложения...
2025-06-14 01:04:09,970 - api - INFO - Инициализация базы данных...
2025-06-14 01:04:11,052 - api - INFO - Запуск приложения успешно завершен
2025-06-14 09:48:55,478 - api - INFO - Завершение работы приложения...
2025-06-14 09:48:56,336 - api - INFO - Инициализация базы данных...
2025-06-14 09:48:57,544 - api - INFO - Запуск приложения успешно завершен
2025-06-14 09:48:58,153 - api - INFO - Завершение работы приложения...
2025-06-14 09:48:58,814 - api - INFO - Инициализация базы данных...
2025-06-14 09:48:59,894 - api - INFO - Запуск приложения успешно завершен
